###############################################################################
#
# IAR C/C++ Compiler V2.10.4.157 for STM8                 28/Apr/2019  15:24:14
# Copyright 2010-2015 IAR Systems AB.
#
#    Source file  =  E:\PETPOSITION\KN2000(01)\KAC(3A)_MainDir\stm8l15x_it.c
#    Command line =  
#        "E:\PETPOSITION\KN2000(01)\KAC(3A)_MainDir\stm8l15x_it.c" -e
#        --char_is_signed -On --no_cse --no_unroll --no_inline --no_code_motion
#        --no_tbaa --no_cross_call --debug --code_model medium --data_model
#        medium -o
#        "E:\PETPOSITION\KN2000(01)\KAC(3A)_MainDir\Project\Debug\Obj\"
#        --dlib_config "C:\Program Files\IAR Systems\Embedded Workbench
#        7.0\stm8\LIB\dlstm8mmf.h" -lcN
#        "E:\PETPOSITION\KN2000(01)\KAC(3A)_MainDir\Project\Debug\List\" -lb
#        "E:\PETPOSITION\KN2000(01)\KAC(3A)_MainDir\Project\Debug\List\" -I
#        "E:\PETPOSITION\KN2000(01)\KAC(3A)_MainDir\" -I
#        "E:\PETPOSITION\KN2000(01)\KAC(3A)_libSystem\Libraries\STM8L15x_StdPeriph_Driver\inc\"
#        --vregs 16
#    List file    =  
#        E:\PETPOSITION\KN2000(01)\KAC(3A)_MainDir\Project\Debug\List\stm8l15x_it.lst
#    Object file  =  
#        E:\PETPOSITION\KN2000(01)\KAC(3A)_MainDir\Project\Debug\Obj\stm8l15x_it.o
#
###############################################################################

E:\PETPOSITION\KN2000(01)\KAC(3A)_MainDir\stm8l15x_it.c
      1          /**
      2            ******************************************************************************
      3            * @file    Project/STM8L15x_StdPeriph_Template/stm8l15x_it.c
      4            * @author  MCD Application Team
      5            * @version V1.6.1
      6            * @date    30-September-2014
      7            * @brief   Main Interrupt Service Routines.
      8            *          This file provides template for all peripherals interrupt service routine.
      9            ******************************************************************************
     10            * @attention
     11            *
     12            * <h2><center>&copy; COPYRIGHT 2014 STMicroelectronics</center></h2>
     13            *
     14            * Licensed under MCD-ST Liberty SW License Agreement V2, (the "License");
     15            * You may not use this file except in compliance with the License.
     16            * You may obtain a copy of the License at:
     17            *
     18            *        http://www.st.com/software_license_agreement_liberty_v2
     19            *
     20            * Unless required by applicable law or agreed to in writing, software 
     21            * distributed under the License is distributed on an "AS IS" BASIS, 
     22            * WITHOUT WARRANTIES OR CONDITIONS OF ANY KIND, either express or implied.
     23            * See the License for the specific language governing permissions and
     24            * limitations under the License.
     25            *
     26            ******************************************************************************
     27            */
     28          
     29          /* Includes ------------------------------------------------------------------*/
     30          #include "stm8l15x_it.h"
     31          #include "uart1.h"
     32          #include "Module_wifi.h"
     33          
     34          extern void Timer3ProgramHandle(void);
     35          
     36          /** @addtogroup STM8L15x_StdPeriph_Template
     37            * @{
     38            */
     39          	
     40          /* Private typedef -----------------------------------------------------------*/
     41          /* Private define ------------------------------------------------------------*/
     42          /* Private macro -------------------------------------------------------------*/
     43          /* Private variables ---------------------------------------------------------*/
     44          /* Private function prototypes -----------------------------------------------*/
     45          /* Private functions ---------------------------------------------------------*/
     46          /* Public functions ----------------------------------------------------------*/
     47          
     48          #ifdef _COSMIC_
     49          /**
     50            * @brief Dummy interrupt routine
     51            * @par Parameters:
     52            * None
     53            * @retval 
     54            * None
     55          */
     56          INTERRUPT_HANDLER(NonHandledInterrupt,0)
     57          {
     58              /* In order to detect unexpected events during development,
     59                 it is recommended to set a breakpoint on the following instruction.
     60              */
     61          }
     62          #endif
     63          
     64          /**
     65            * @brief TRAP interrupt routine
     66            * @par Parameters:
     67            * None
     68            * @retval 
     69            * None
     70          */
     71          INTERRUPT_HANDLER_TRAP(TRAP_IRQHandler)
     72          {
     73              /* In order to detect unexpected events during development,
     74                 it is recommended to set a breakpoint on the following instruction.
     75              */
     76          }
     77          /**
     78            * @brief FLASH Interrupt routine.
     79            * @param  None
     80            * @retval None
     81            */
     82          INTERRUPT_HANDLER(FLASH_IRQHandler,1)
     83          {
     84              /* In order to detect unexpected events during development,
     85                 it is recommended to set a breakpoint on the following instruction.
     86              */
     87          }
     88          /**
     89            * @brief DMA1 channel0 and channel1 Interrupt routine.
     90            * @param  None
     91            * @retval None
     92            */
     93          INTERRUPT_HANDLER(DMA1_CHANNEL0_1_IRQHandler,2)
     94          {
     95              /* In order to detect unexpected events during development,
     96                 it is recommended to set a breakpoint on the following instruction.
     97              */
     98          }
     99          /**
    100            * @brief DMA1 channel2 and channel3 Interrupt routine.
    101            * @param  None
    102            * @retval None
    103            */
    104          INTERRUPT_HANDLER(DMA1_CHANNEL2_3_IRQHandler,3)
    105          {
    106              /* In order to detect unexpected events during development,
    107                 it is recommended to set a breakpoint on the following instruction.
    108              */
    109          }
    110          /**
    111            * @brief RTC / CSS_LSE Interrupt routine.
    112            * @param  None
    113            * @retval None
    114            */
    115          INTERRUPT_HANDLER(RTC_CSSLSE_IRQHandler,4)
    116          {
    117              /* In order to detect unexpected events during development,
    118                 it is recommended to set a breakpoint on the following instruction.
    119              */
    120              
    121          	if (RTC_GetFlagStatus(RTC_FLAG_TAMP1F) != RESET)
    122          	{
    123          		RTC_ClearITPendingBit(RTC_IT_TAMP);
    124          	}
    125          	set_rtc_interrupt_flag(TRUE);
    126          //	stop_rtc_wake();
    127          	/* Clear the periodic wakeup unit flag */
    128          	RTC_ClearITPendingBit(RTC_IT_WUT);
    129          }
    130          /**
    131            * @brief External IT PORTE/F and PVD Interrupt routine.
    132            * @param  None
    133            * @retval None
    134            */
    135          INTERRUPT_HANDLER(EXTIE_F_PVD_IRQHandler,5)
    136          {
    137              /* In order to detect unexpected events during development,
    138                 it is recommended to set a breakpoint on the following instruction.
    139              */
    140            // EXTI_ClearITPendingBit(EXTI_IT_PortF);
    141          }
    142          
    143          /**
    144            * @brief External IT PORTB / PORTG Interrupt routine.
    145            * @param  None
    146            * @retval None
    147            */
    148          INTERRUPT_HANDLER(EXTIB_G_IRQHandler,6)
    149          {
    150              /* In order to detect unexpected events during development,
    151                 it is recommended to set a breakpoint on the following instruction.
    152              */
    153          }
    154          
    155          /**
    156            * @brief External IT PORTD /PORTH Interrupt routine.
    157            * @param  None
    158            * @retval None
    159            */
    160          INTERRUPT_HANDLER(EXTID_H_IRQHandler,7)
    161          {
    162              /* In order to detect unexpected events during development,
    163                 it is recommended to set a breakpoint on the following instruction.
    164              */
    165          }
    166          
    167          /**
    168            * @brief External IT PIN0 Interrupt routine.
    169            * @param  None
    170            * @retval None
    171            */
    172          INTERRUPT_HANDLER(EXTI0_IRQHandler,8)
    173          {
    174              /* In order to detect unexpected events during development,
    175                 it is recommended to set a breakpoint on the following instruction.
    176              */
    177          	EXTI_ClearITPendingBit(EXTI_IT_Pin0);
    178          }
    179          
    180          /**
    181            * @brief External IT PIN1 Interrupt routine.
    182            * @param  None
    183            * @retval None
    184            */
    185          INTERRUPT_HANDLER(EXTI1_IRQHandler,9)
    186          {
    187              /* In order to detect unexpected events during development,
    188                 it is recommended to set a breakpoint on the following instruction.
    189              */
    190          //	wake_up_from_sleep();
    191          	EXTI_ClearITPendingBit(EXTI_IT_Pin1);
    192          }
    193          
    194          /**
    195            * @brief External IT PIN2 Interrupt routine.
    196            * @param  None
    197            * @retval None
    198            */
    199          INTERRUPT_HANDLER(EXTI2_IRQHandler,10)
    200          {
    201              /* In order to detect unexpected events during development,
    202                 it is recommended to set a breakpoint on the following instruction.
    203              */
    204          	EXTI_ClearITPendingBit(EXTI_IT_Pin2);
    205          	
    206          }
    207          
    208          /**
    209            * @brief External IT PIN3 Interrupt routine.
    210            * @param  None
    211            * @retval None
    212            */
    213          INTERRUPT_HANDLER(EXTI3_IRQHandler,11)
    214          {
    215              /* In order to detect unexpected events during development,
    216                 it is recommended to set a breakpoint on the following instruction.
    217              */
    218          //	wake_up_from_sleep();
    219          	EXTI_ClearITPendingBit(EXTI_IT_Pin3);
    220          }
    221          
    222          /**
    223            * @brief External IT PIN4 Interrupt routine.
    224            * @param  None
    225            * @retval None
    226            */
    227          INTERRUPT_HANDLER(EXTI4_IRQHandler,12)
    228          {
    229              /* In order to detect unexpected events during development,
    230                 it is recommended to set a breakpoint on the following instruction.
    231              */
    232          	EXTI_ClearITPendingBit(EXTI_IT_Pin4);
    233          }
    234          
    235          /**
    236            * @brief External IT PIN5 Interrupt routine.
    237            * @param  None
    238            * @retval None
    239            */
    240          
    241          INTERRUPT_HANDLER(EXTI5_IRQHandler,13)
    242          {
    243          	//uint8 keyvalue;
    244              /* In order to detect unexpected events during development,
    245                 it is recommended to set a breakpoint on the following instruction.
    246              */
    247          	EXTI_ClearITPendingBit(EXTI_IT_Pin5);
    248          	
    249          }
    250          
    251          /**
    252            * @brief External IT PIN6 Interrupt routine.
    253            * @param  None
    254            * @retval None
    255            */
    256          INTERRUPT_HANDLER(EXTI6_IRQHandler,14)
    257          {
    258              /* In order to detect unexpected events during development,
    259                 it is recommended to set a breakpoint on the following instruction.
    260              */
    261          }
    262          
    263          /**
    264            * @brief External IT PIN7 Interrupt routine.
    265            * @param  None
    266            * @retval None
    267            */
    268          INTERRUPT_HANDLER(EXTI7_IRQHandler,15)
    269          {
    270              /* In order to detect unexpected events during development,
    271                 it is recommended to set a breakpoint on the following instruction.
    272              */
    273           	EXTI_ClearITPendingBit(EXTI_IT_Pin7);
    274          }
    275          /**
    276            * @brief LCD /AES Interrupt routine.
    277            * @param  None
    278            * @retval None
    279            */
    280          INTERRUPT_HANDLER(LCD_AES_IRQHandler,16)
    281          {
    282              /* In order to detect unexpected events during development,
    283                 it is recommended to set a breakpoint on the following instruction.
    284              */
    285          }
    286          /**
    287            * @brief CLK switch/CSS/TIM1 break Interrupt routine.
    288            * @param  None
    289            * @retval None
    290            */
    291          INTERRUPT_HANDLER(SWITCH_CSS_BREAK_DAC_IRQHandler,17)
    292          {
    293              /* In order to detect unexpected events during development,
    294                 it is recommended to set a breakpoint on the following instruction.
    295              */
    296          }
    297          
    298          /**
    299            * @brief ADC1/Comparator Interrupt routine.
    300            * @param  None
    301            * @retval None
    302            */
    303          INTERRUPT_HANDLER(ADC1_COMP_IRQHandler,18)
    304          {
    305              /* In order to detect unexpected events during development,
    306                 it is recommended to set a breakpoint on the following instruction.
    307              */
    308          }
    309          
    310          /**
    311            * @brief TIM2 Update/Overflow/Trigger/Break /USART2 TX Interrupt routine.
    312            * @param  None
    313            * @retval None
    314            */
    315          INTERRUPT_HANDLER(TIM2_UPD_OVF_TRG_BRK_USART2_TX_IRQHandler,19)
    316          {
    317              /* In order to detect unexpected events during development,
    318                 it is recommended to set a breakpoint on the following instruction.
    319              */
    320            ITStatus  ItStsFlag;
    321          
    322            ItStsFlag=TIM2_GetITStatus(TIM2_IT_Update);
    323            if (ItStsFlag)  
    324            {
    325          	  TimingDelay_Decrement(); 
    326          
    327                TIM2_ClearITPendingBit(TIM2_IT_Update);
    328            }
    329          }
    330          
    331          /**
    332            * @brief Timer2 Capture/Compare / USART2 RX Interrupt routine.
    333            * @param  None
    334            * @retval None
    335            */
    336          INTERRUPT_HANDLER(TIM2_CC_USART2_RX_IRQHandler,20)
    337          {
    338              /* In order to detect unexpected events during development,
    339                 it is recommended to set a breakpoint on the following instruction.
    340              */
    341          	USART_ClearITPendingBit(USART2, USART_IT_RXNE);//清除中断标志
    342          	UART2_ISR(USART_ReceiveData8(USART2));
    343          }
    344          
    345          
    346          /**
    347            * @brief Timer3 Update/Overflow/Trigger/Break Interrupt routine.
    348            * @param  None
    349            * @retval None
    350            */
    351          INTERRUPT_HANDLER(TIM3_UPD_OVF_TRG_BRK_USART3_TX_IRQHandler,21)
    352          {
    353              /* In order to detect unexpected events during development,
    354                 it is recommended to set a breakpoint on the following instruction.
    355              */
    356          
    357          	ITStatus  ItStsFlag;
    358          	
    359          	ItStsFlag=TIM3_GetITStatus(TIM3_IT_Update);
    360          	if (ItStsFlag)  
    361          	{
    362          		Timer3ProgramHandle();
    363          		
    364          	TIM3_ClearITPendingBit(TIM3_IT_Update);
    365            }
    366          
    367          }
    368          /**
    369            * @brief Timer3 Capture/Compare /USART3 RX Interrupt routine.
    370            * @param  None
    371            * @retval None
    372            */
    373          INTERRUPT_HANDLER(TIM3_CC_USART3_RX_IRQHandler,22)
    374          {
    375              /* In order to detect unexpected events during development,
    376                 it is recommended to set a breakpoint on the following instruction.
    377              */
    378            USART_ClearITPendingBit(USART3, USART_IT_RXNE);//清除中断标志
    379            UART3_ISR(USART_ReceiveData8(USART3));
    380          }
    381          /**
    382            * @brief TIM1 Update/Overflow/Trigger/Commutation Interrupt routine.
    383            * @param  None
    384            * @retval None
    385            */
    386          INTERRUPT_HANDLER(TIM1_UPD_OVF_TRG_COM_IRQHandler,23)
    387          {
    388              /* In order to detect unexpected events during development,
    389                 it is recommended to set a breakpoint on the following instruction.
    390              */
    391          }
    392          /**
    393            * @brief TIM1 Capture/Compare Interrupt routine.
    394            * @param  None
    395            * @retval None
    396            */
    397          INTERRUPT_HANDLER(TIM1_CC_IRQHandler,24)
    398          {
    399              /* In order to detect unexpected events during development,
    400                 it is recommended to set a breakpoint on the following instruction.
    401              */
    402          }
    403          
    404          /**
    405            * @brief TIM4 Update/Overflow/Trigger Interrupt routine.
    406            * @param  None
    407            * @retval None
    408            */
    409          INTERRUPT_HANDLER(TIM4_UPD_OVF_TRG_IRQHandler,25)
    410          {
    411              /* In order to detect unexpected events during development,
    412                 it is recommended to set a breakpoint on the following instruction.
    413              */
    414          }
    415          /**
    416            * @brief SPI1 Interrupt routine.
    417            * @param  None
    418            * @retval None
    419            */
    420          INTERRUPT_HANDLER(SPI1_IRQHandler,26)
    421          {
    422              /* In order to detect unexpected events during development,
    423                 it is recommended to set a breakpoint on the following instruction.
    424              */		
    425          }
    426          
    427          /**
    428            * @brief USART1 TX / TIM5 Update/Overflow/Trigger/Break Interrupt  routine.
    429            * @param  None
    430            * @retval None
    431            */
    432          INTERRUPT_HANDLER(USART1_TX_TIM5_UPD_OVF_TRG_BRK_IRQHandler,27)
    433          {
    434              /* In order to detect unexpected events during development,
    435                 it is recommended to set a breakpoint on the following instruction.
    436              */
    437          	USART_ClearITPendingBit(USART1, USART_IT_TC);
    438          }
    439          
    440          /**
    441            * @brief USART1 RX / Timer5 Capture/Compare Interrupt routine.
    442            * @param  None
    443            * @retval None
    444            */
    445          INTERRUPT_HANDLER(USART1_RX_TIM5_CC_IRQHandler,28)
    446          {
    447              /* In order to detect unexpected events during development,
    448                 it is recommended to set a breakpoint on the following instruction.
    449              */
    450            USART_ClearITPendingBit(USART1, USART_IT_RXNE);//清除中断标志
    451            /* Read one byte from the receive data register and send it back */
    452            UART1_ISR(USART_ReceiveData8(USART1));
    453          }
    454          
    455          /**
    456            * @brief I2C1 / SPI2 Interrupt routine.
    457            * @param  None
    458            * @retval None
    459            */
    460          INTERRUPT_HANDLER(I2C1_SPI2_IRQHandler,29)
    461          {
    462              /* In order to detect unexpected events during development,
    463                 it is recommended to set a breakpoint on the following instruction.
    464              */
    465          }
    466          /**
    467            * @}
    468            */ 
    469          
    470          /************************ (C) COPYRIGHT STMicroelectronics *****END OF FILE****/

   Section sizes:

   Bytes  Function/Label
   -----  --------------
       1  ADC1_COMP_IRQHandler
       1  DMA1_CHANNEL0_1_IRQHandler
       1  DMA1_CHANNEL2_3_IRQHandler
      29  EXTI0_IRQHandler
      30  EXTI1_IRQHandler
      30  EXTI2_IRQHandler
      30  EXTI3_IRQHandler
      30  EXTI4_IRQHandler
      30  EXTI5_IRQHandler
       1  EXTI6_IRQHandler
      30  EXTI7_IRQHandler
       1  EXTIB_G_IRQHandler
       1  EXTID_H_IRQHandler
       1  EXTIE_F_PVD_IRQHandler
       1  FLASH_IRQHandler
       1  I2C1_SPI2_IRQHandler
       1  LCD_AES_IRQHandler
      54  RTC_CSSLSE_IRQHandler
       1  SPI1_IRQHandler
       1  SWITCH_CSS_BREAK_DAC_IRQHandler
       1  TIM1_CC_IRQHandler
       1  TIM1_UPD_OVF_TRG_COM_IRQHandler
      45  TIM2_CC_USART2_RX_IRQHandler
      51  TIM2_UPD_OVF_TRG_BRK_USART2_TX_IRQHandler
      45  TIM3_CC_USART3_RX_IRQHandler
      51  TIM3_UPD_OVF_TRG_BRK_USART3_TX_IRQHandler
       1  TIM4_UPD_OVF_TRG_IRQHandler
       1  TRAP_IRQHandler
      45  USART1_RX_TIM5_CC_IRQHandler
      34  USART1_TX_TIM5_UPD_OVF_TRG_BRK_IRQHandler

 
 550 bytes in section .far_func.text
 
 550 bytes of CODE memory

Errors: none
Warnings: none
