###############################################################################
#
# IAR ELF Linker V2.10.4.157 for STM8                     29/Apr/2019  10:10:36
# Copyright 2010-2015 IAR Systems AB.
#
#    Output file  =  
#        E:\PETPOSITION\KN2000(01)\KAC(3A)_MainDir\Project\Debug\Exe\templproj.out
#    Map file     =  
#        E:\PETPOSITION\KN2000(01)\KAC(3A)_MainDir\Project\Debug\List\templproj.map
#    Command line =  
#        "E:\PETPOSITION\KN2000(01)\KAC(3A)_MainDir\Project\Debug\Obj\bma2x2.o"
#        "E:\PETPOSITION\KN2000(01)\KAC(3A)_MainDir\Project\Debug\Obj\bma2x2_support.o"
#        "E:\PETPOSITION\KN2000(01)\KAC(3A)_MainDir\Project\Debug\Obj\EventQueue.o"
#        "E:\PETPOSITION\KN2000(01)\KAC(3A)_MainDir\Project\Debug\Obj\hwdflash.o"
#        "E:\PETPOSITION\KN2000(01)\KAC(3A)_MainDir\Project\Debug\Obj\hwdgpio.o"
#        "E:\PETPOSITION\KN2000(01)\KAC(3A)_MainDir\Project\Debug\Obj\I2C.o"
#        "E:\PETPOSITION\KN2000(01)\KAC(3A)_libSystem\libProcject\Debug\Exe\lisysProject.a"
#        "E:\PETPOSITION\KN2000(01)\KAC(3A)_MainDir\Project\Debug\Obj\main.o"
#        "E:\PETPOSITION\KN2000(01)\KAC(3A)_MainDir\Project\Debug\Obj\main_rtc.o"
#        "E:\PETPOSITION\KN2000(01)\KAC(3A)_MainDir\Project\Debug\Obj\mmi_common.o"
#        "E:\PETPOSITION\KN2000(01)\KAC(3A)_MainDir\Project\Debug\Obj\Module.o"
#        "E:\PETPOSITION\KN2000(01)\KAC(3A)_MainDir\Project\Debug\Obj\Module_wifi.o"
#        "E:\PETPOSITION\KN2000(01)\KAC(3A)_MainDir\Project\Debug\Obj\ModuleProtocol.o"
#        "E:\PETPOSITION\KN2000(01)\KAC(3A)_MainDir\Project\Debug\Obj\net.o"
#        "E:\PETPOSITION\KN2000(01)\KAC(3A)_MainDir\Project\Debug\Obj\OverTimeQueue.o"
#        "E:\PETPOSITION\KN2000(01)\KAC(3A)_MainDir\Project\Debug\Obj\Pedometer.o"
#        "E:\PETPOSITION\KN2000(01)\KAC(3A)_MainDir\Project\Debug\Obj\PedoSupport.o"
#        "E:\PETPOSITION\KN2000(01)\KAC(3A)_MainDir\Project\Debug\Obj\stm8l15x_it.o"
#        "E:\PETPOSITION\KN2000(01)\KAC(3A)_MainDir\Project\Debug\Obj\uart1.o"
#        --redirect _Printf=_PrintfFullNoMb --redirect _Scanf=_ScanfFullNoMb -o
#        "E:\PETPOSITION\KN2000(01)\KAC(3A)_MainDir\Project\Debug\Exe\templproj.out"
#        --map
#        "E:\PETPOSITION\KN2000(01)\KAC(3A)_MainDir\Project\Debug\List\templproj.map"
#        --config "C:\Program Files\IAR Systems\Embedded Workbench
#        7.0\stm8\config\lnkstm8l151c8.icf" --config_def _CSTACK_SIZE=0x100
#        --config_def _HEAP_SIZE=0x100 --entry __iar_program_start --debug_lib
#
###############################################################################

*******************************************************************************
*** RUNTIME MODEL ATTRIBUTES
***

__Heap_Handler             = Basic
__SystemLibrary            = DLib
__code_model               = medium_or_large
__core                     = stm8
__data_model               = medium
__dlib_file_descriptor     = 1
__dlib_full_locale_support = 1
__rt_version               = 4


*******************************************************************************
*** PLACEMENT SUMMARY
***

"A1":  place at start of [0x000000-0x0000ff] { rw section .vregs };
"A2":  place at end of [0x000000-0x000fff] { block CSTACK };
"P2":  place in [from 0x000000 to 0x000fff] {
          block HEAP, rw section __DLIB_PERTHREAD, rw section .far.bss,
          rw section .far.data, rw section .far.noinit,
          rw section .far_func.textrw, rw section .huge.bss,
          rw section .huge.data, rw section .huge.noinit,
          rw section .huge_func.textrw, rw section .iar.dynexit,
          rw section .near.bss, rw section .near.data, rw section .near.noinit,
          rw section .near_func.textrw };
"A3":  place at start of [0x008000-0x00ffff] { block INTVEC };
"P3":  place in [from 0x008000 to 0x00ffff] {
          ro section __DLIB_PERTHREAD_init, ro section .far.data_init,
          ro section .far_func.textrw_init, ro section .huge.data_init,
          ro section .huge_func.textrw_init, ro section .iar.init_table,
          ro section .init_array, ro section .near.data_init,
          ro section .near.rodata, ro section .near_func.text,
          ro section .near_func.textrw_init, ro section .tiny.data_init,
          ro section .tiny.rodata_init };
"P4":  place in [from 0x008000 to 0x00ffff repeat 2] {
          ro section .far.rodata, ro section .far_func.text };

  Section            Kind      Address    Size  Object
  -------            ----      -------    ----  ------
"A1":                                     0x10
  .vregs             uninit   0x000000    0x10  vregs.o [4]
                            - 0x000010    0x10

"P2":                                    0x67b
  P2 s0                       0x000010     0x4  <Init block>
    .near.data       inited   0x000010     0x2  ModuleProtocol.o [1]
    .near.data       inited   0x000012     0x1  main.o [1]
    .near.data       inited   0x000013     0x1  main.o [1]
  .near.bss          zero     0x000014   0x44c  Module.o [1]
  .near.bss          zero     0x000460    0xc8  uart1.o [1]
  .near.bss          zero     0x000528    0x7c  Module.o [1]
  .near.bss          zero     0x0005a4    0x40  EventQueue.o [1]
  .near.bss          zero     0x0005e4    0x38  OverTimeQueue.o [1]
  .near.bss          zero     0x00061c    0x32  Module_wifi.o [1]
  .near.bss          zero     0x00064e    0x12  bma2x2_support.o [1]
  .near.bss          zero     0x000660     0x4  main.o [1]
  .near.bss          zero     0x000664     0x4  main.o [1]
  .near.bss          zero     0x000668     0x2  bma2x2.o [1]
  .near.bss          zero     0x00066a     0x2  EventQueue.o [1]
  .near.bss          zero     0x00066c     0x2  main.o [1]
  .near.bss          zero     0x00066e     0x2  main.o [1]
  .near.bss          zero     0x000670     0x2  Module.o [1]
  .near.bss          zero     0x000672     0x2  Module.o [1]
  .near.bss          zero     0x000674     0x2  Module.o [1]
  .near.bss          zero     0x000676     0x1  EventQueue.o [1]
  .near.bss          zero     0x000677     0x1  EventQueue.o [1]
  .near.bss          zero     0x000678     0x1  EventQueue.o [1]
  .near.bss          zero     0x000679     0x1  main.o [1]
  .near.bss          zero     0x00067a     0x1  main.o [1]
  .near.bss          zero     0x00067b     0x1  main.o [1]
  .near.bss          zero     0x00067c     0x1  main.o [1]
  .near.bss          zero     0x00067d     0x1  main.o [1]
  .near.bss          zero     0x00067e     0x1  main.o [1]
  .near.bss          zero     0x00067f     0x1  main.o [1]
  .near.bss          zero     0x000680     0x1  main.o [1]
  .near.bss          zero     0x000681     0x1  Module.o [1]
  .near.bss          zero     0x000682     0x1  Module.o [1]
  .near.bss          zero     0x000683     0x1  Module.o [1]
  .near.bss          zero     0x000684     0x1  Module.o [1]
  .near.bss          zero     0x000685     0x1  Module.o [1]
  .near.bss          zero     0x000686     0x1  Module_wifi.o [1]
  .near.bss          zero     0x000687     0x1  Module_wifi.o [1]
  .near.bss          zero     0x000688     0x1  ModuleProtocol.o [1]
  .near.bss          zero     0x000689     0x1  uart1.o [1]
  .near.bss          zero     0x00068a     0x1  uart1.o [1]
                            - 0x00068b   0x67b

"A2":                                    0x100
  CSTACK                      0x000f00   0x100  <Block>
    CSTACK           uninit   0x000f00   0x100  <Block tail>
                            - 0x001000   0x100

"A3":                                     0x80
  INTVEC                      0x008000    0x80  <Block>
    .intvec          const    0x008000    0x80  interrupt.o [4]
                            - 0x008080    0x80

"P3":                                     0x54
  .iar.init_table    const    0x008080    0x14  - Linker created -
  .near.rodata       const    0x008094    0x10  Module.o [1]
  .near.rodata       const    0x0080a4     0xe  Module.o [1]
  .near.rodata       const    0x0080b2     0x8  bma2x2_support.o [1]
  .near.rodata       const    0x0080ba     0x6  Module.o [1]
  .near.rodata       const    0x0080c0     0x6  Module.o [1]
  .near.rodata       const    0x0080c6     0x5  main.o [1]
  .near.rodata       const    0x0080cb     0x5  stm8l15x_clk.o [5]
  Initializer bytes  const    0x0080d0     0x4  <for P2 s0>
                            - 0x0080d4    0x54

"P4":                                   0x27e8
  .far_func.text     ro code  0x0080d4   0x17e  main.o [1]
  .far_func.text     ro code  0x008252   0x174  bma2x2.o [1]
  .far_func.text     ro code  0x0083c6   0x14b  long.o [4]
  .far_func.text     ro code  0x008511   0x12f  vreg_util.o [4]
  .far_func.text     ro code  0x008640   0x120  stm8l15x_i2c.o [5]
  .far_func.text     ro code  0x008760    0xfa  stm8l15x_itc.o [5]
  .far_func.text     ro code  0x00885a    0xf2  I2C.o [1]
  .far_func.text     ro code  0x00894c    0xcb  main.o [1]
  .far_func.text     ro code  0x008a17    0xc2  Module.o [1]
  .far_func.text     ro code  0x008ad9    0xc2  stm8l15x_rtc.o [5]
  .far_func.text     ro code  0x008b9b    0xb8  stm8l15x_rtc.o [5]
  .far_func.text     ro code  0x008c53    0xb7  I2C.o [1]
  .far_func.text     ro code  0x008d0a    0x9a  OverTimeQueue.o [1]
  .far_func.text     ro code  0x008da4    0x99  bma2x2.o [1]
  .far_func.text     ro code  0x008e3d    0x95  hwdflash.o [1]
  .far_func.text     ro code  0x008ed2    0x91  stm8l15x_usart.o [5]
  .far_func.text     ro code  0x008f63    0x8a  EventQueue.o [1]
  .far_func.text     ro code  0x008fed    0x89  hwdflash.o [1]
  .far_func.text     ro code  0x009076    0x7f  Module.o [1]
  .far_func.text     ro code  0x0090f5    0x7e  stm8l15x_adc.o [5]
  .far_func.text     ro code  0x009173    0x78  bma2x2.o [1]
  .far_func.text     ro code  0x0091eb    0x77  bma2x2_support.o [1]
  .far_func.text     ro code  0x009262    0x71  stm8l15x_clk.o [5]
  .far_func.text     ro code  0x0092d3    0x6d  Module.o [1]
  .far_func.text     ro code  0x009340    0x6d  uart1.o [1]
  .far_func.text     ro code  0x0093ad    0x6b  bma2x2_support.o [1]
  .far_func.text     ro code  0x009418    0x6b  stm8l15x_gpio.o [5]
  .far_func.text     ro code  0x009483    0x6a  bma2x2.o [1]
  .far_func.text     ro code  0x0094ed    0x69  main.o [1]
  .far_func.text     ro code  0x009556    0x67  net.o [1]
  .far_func.text     ro code  0x0095bd    0x65  uart1.o [1]
  .far_func.text     ro code  0x009622    0x64  long_util.o [4]
  .far_func.text     ro code  0x009686    0x5d  ModuleProtocol.o [1]
  .far_func.text     ro code  0x0096e3    0x5d  stm8l15x_clk.o [5]
  .far_func.text     ro code  0x009740    0x5c  uart1.o [1]
  .far_func.text     ro code  0x00979c    0x5c  stm8l15x_usart.o [5]
  .far_func.text     ro code  0x0097f8    0x5b  main.o [1]
  .far_func.text     ro code  0x009853    0x5a  stm8l15x_rtc.o [5]
  .far_func.text     ro code  0x0098ad    0x57  stm8l15x_i2c.o [5]
  .far_func.text     ro code  0x009904    0x56  short.o [4]
  .far_func.text     ro code  0x00995a    0x51  stm8l15x_syscfg.o [5]
  .far_func.text     ro code  0x0099ab    0x4d  uart1.o [1]
  .far_func.text     ro code  0x0099f8    0x49  main.o [1]
  .far_func.text     ro code  0x009a41    0x48  bma2x2.o [1]
  .far_func.text     ro code  0x009a89    0x48  main_rtc.o [1]
  .far_func.text     ro code  0x009ad1    0x47  stm8l15x_i2c.o [5]
  .far_func.text     ro code  0x009b18    0x41  stm8l15x_rtc.o [5]
  .far_func.text     ro code  0x009b59    0x41  stm8l15x_rtc.o [5]
  .far_func.text     ro code  0x009b9a    0x3f  bma2x2_support.o [1]
  .far_func.text     ro code  0x009bd9    0x3c  I2C.o [1]
  .far_func.text     ro code  0x009c15    0x3b  stm8l15x_rtc.o [5]
  .far_func.text     ro code  0x009c50    0x39  hwdgpio.o [1]
  .far_func.text     ro code  0x009c89    0x39  stm8l15x_clk.o [5]
  .far_func.text     ro code  0x009cc2    0x38  uart1.o [1]
  .far_func.text     ro code  0x009cfa    0x38  stm8l15x_i2c.o [5]
  .far_func.text     ro code  0x009d32    0x36  bma2x2_support.o [1]
  .far_func.text     ro code  0x009d68    0x36  stm8l15x_it.o [1]
  .far_func.text     ro code  0x009d9e    0x36  memcmp.o [4]
  .far_func.text     ro code  0x009dd4    0x35  stm8l15x_usart.o [5]
  .far_func.text     ro code  0x009e09    0x33  stm8l15x_it.o [1]
  .far_func.text     ro code  0x009e3c    0x33  stm8l15x_it.o [1]
  .far_func.text     ro code  0x009e6f    0x30  stm8l15x_rtc.o [5]
  .far_func.text     ro code  0x009e9f    0x2f  main_rtc.o [1]
  .far_func.text     ro code  0x009ece    0x2d  Module_wifi.o [1]
  .far_func.text     ro code  0x009efb    0x2d  stm8l15x_it.o [1]
  .far_func.text     ro code  0x009f28    0x2d  stm8l15x_it.o [1]
  .far_func.text     ro code  0x009f55    0x2d  stm8l15x_it.o [1]
  .far_func.text     ro code  0x009f82    0x2d  uart1.o [1]
  .far_func.text     ro code  0x009faf    0x2c  ModuleProtocol.o [1]
  .far_func.text     ro code  0x009fdb    0x2c  dc_util.o [4]
  .far_func.text     ro code  0x00a007    0x2a  main.o [1]
  .far_func.text     ro code  0x00a031    0x2a  stm8l15x_rtc.o [5]
  .far_func.text     ro code  0x00a05b    0x29  main_rtc.o [1]
  .far_func.text     ro code  0x00a084    0x28  hwdgpio.o [1]
  .far_func.text     ro code  0x00a0ac    0x28  init_small.o [4]
  .far_func.text     ro code  0x00a0d4    0x27  hwdgpio.o [1]
  .far_func.text     ro code  0x00a0fb    0x27  hwdgpio.o [1]
  .far_func.text     ro code  0x00a122    0x26  main.o [1]
  .far_func.text     ro code  0x00a148    0x26  memcpy.o [4]
  .far_func.text     ro code  0x00a16e    0x25  main.o [1]
  .far_func.text     ro code  0x00a193    0x22  stm8l15x_it.o [1]
  .far_func.text     ro code  0x00a1b5    0x21  stm8l15x_rtc.o [5]
  .far_func.text     ro code  0x00a1d6    0x21  stm8l15x_tim2.o [5]
  .far_func.text     ro code  0x00a1f7    0x21  stm8l15x_tim3.o [5]
  .far_func.text     ro code  0x00a218    0x20  stm8l15x_tim3.o [5]
  .far_func.text     ro code  0x00a238    0x1f  main.o [1]
  .far_func.text     ro code  0x00a257    0x1f  stm8l15x_rtc.o [5]
  .far_func.text     ro code  0x00a276    0x1e  stm8l15x_it.o [1]
  .far_func.text     ro code  0x00a294    0x1e  stm8l15x_it.o [1]
  .far_func.text     ro code  0x00a2b2    0x1e  stm8l15x_it.o [1]
  .far_func.text     ro code  0x00a2d0    0x1e  stm8l15x_it.o [1]
  .far_func.text     ro code  0x00a2ee    0x1e  stm8l15x_it.o [1]
  .far_func.text     ro code  0x00a30c    0x1e  stm8l15x_it.o [1]
  .far_func.text     ro code  0x00a32a    0x1e  stm8l15x_usart.o [5]
  .far_func.text     ro code  0x00a348    0x1e  init.o [4]
  .far_func.text     ro code  0x00a366    0x1e  init_small.o [4]
  .far_func.text     ro code  0x00a384    0x1d  main.o [1]
  .far_func.text     ro code  0x00a3a1    0x1d  stm8l15x_it.o [1]
  .far_func.text     ro code  0x00a3be    0x1d  stm8l15x_adc.o [5]
  .far_func.text     ro code  0x00a3db    0x1c  uart1.o [1]
  .far_func.text     ro code  0x00a3f7    0x1c  stm8l15x_adc.o [5]
  .far_func.text     ro code  0x00a413    0x1c  stm8l15x_rtc.o [5]
  .far_func.text     ro code  0x00a42f    0x1c  far_util.o [4]
  .far_func.text     ro code  0x00a44b    0x1b  main.o [1]
  .far_func.text     ro code  0x00a466    0x1b  Module_wifi.o [1]
  .far_func.text     ro code  0x00a481    0x1b  stm8l15x_rtc.o [5]
  .far_func.text     ro code  0x00a49c    0x1a  stm8l15x_flash.o [5]
  .far_func.text     ro code  0x00a4b6    0x17  stm8l15x_rtc.o [5]
  .far_func.text     ro code  0x00a4cd    0x17  stm8l15x_rtc.o [5]
  .far_func.text     ro code  0x00a4e4    0x17  cstartup.o [4]
  .far_func.text     ro code  0x00a4fb    0x16  hwdflash.o [1]
  .far_func.text     ro code  0x00a511    0x16  stm8l15x_adc.o [5]
  .far_func.text     ro code  0x00a527    0x16  stm8l15x_rtc.o [5]
  .far_func.text     ro code  0x00a53d    0x16  char.o [4]
  .far_func.text     ro code  0x00a553    0x16  __dbg_xxexit.o [3]
  .far_func.text     ro code  0x00a569    0x15  Module.o [1]
  .far_func.text     ro code  0x00a57e    0x15  stm8l15x_i2c.o [5]
  .far_func.text     ro code  0x00a593    0x15  memset.o [4]
  .far_func.text     ro code  0x00a5a8    0x14  bma2x2_support.o [1]
  .far_func.text     ro code  0x00a5bc    0x14  stm8l15x_rtc.o [5]
  .far_func.text     ro code  0x00a5d0    0x13  main.o [1]
  .far_func.text     ro code  0x00a5e3    0x12  stm8l15x_adc.o [5]
  .far_func.text     ro code  0x00a5f5    0x12  stm8l15x_adc.o [5]
  .far_func.text     ro code  0x00a607    0x12  strlen.o [4]
  .far_func.text     ro code  0x00a619    0x11  stm8l15x_rtc.o [5]
  .far_func.text     ro code  0x00a62a    0x11  stm8l15x_tim3.o [5]
  .far_func.text     ro code  0x00a63b    0x10  stm8l15x_usart.o [5]
  .far_func.text     ro code  0x00a64b     0xf  stm8l15x_clk.o [5]
  .far_func.text     ro code  0x00a65a     0xf  stm8l15x_i2c.o [5]
  .far_func.text     ro code  0x00a669     0xf  stm8l15x_adc.o [5]
  .far_func.text     ro code  0x00a678     0xf  stm8l15x_tim3.o [5]
  .far_func.text     ro code  0x00a687     0xe  main_rtc.o [1]
  .far_func.text     ro code  0x00a695     0xe  stm8l15x_flash.o [5]
  .far_func.text     ro code  0x00a6a3     0xe  stm8l15x_gpio.o [5]
  .far_func.text     ro code  0x00a6b1     0xe  stm8l15x_i2c.o [5]
  .far_func.text     ro code  0x00a6bf     0xe  stm8l15x_i2c.o [5]
  .far_func.text     ro code  0x00a6cd     0xe  stm8l15x_i2c.o [5]
  .far_func.text     ro code  0x00a6db     0xe  stm8l15x_rtc.o [5]
  .far_func.text     ro code  0x00a6e9     0xe  stm8l15x_tim3.o [5]
  .far_func.text     ro code  0x00a6f7     0xe  stm8l15x_tim3.o [5]
  .far_func.text     ro code  0x00a705     0xe  stm8l15x_itc.o [5]
  .far_func.text     ro code  0x00a713     0xe  stm8l15x_exti.o [5]
  .far_func.text     ro code  0x00a721     0xd  uart1.o [1]
  .far_func.text     ro code  0x00a72e     0xd  stm8l15x_clk.o [5]
  .far_func.text     ro code  0x00a73b     0xd  stm8l15x_clk.o [5]
  .far_func.text     ro code  0x00a748     0xd  stm8l15x_adc.o [5]
  .far_func.text     ro code  0x00a755     0xd  stm8l15x_adc.o [5]
  .far_func.text     ro code  0x00a762     0xd  stm8l15x_tim3.o [5]
  .far_func.text     ro code  0x00a76f     0xd  stm8l15x_tim3.o [5]
  .far_func.text     ro code  0x00a77c     0xd  move.o [4]
  .far_func.text     ro code  0x00a789     0xc  stm8l15x_i2c.o [5]
  .far_func.text     ro code  0x00a795     0xc  stm8l15x_adc.o [5]
  .far_func.text     ro code  0x00a7a1     0xc  stm8l15x_rtc.o [5]
  .far_func.text     ro code  0x00a7ad     0xc  stm8l15x_exti.o [5]
  .far_func.text     ro code  0x00a7b9     0xb  stm8l15x_flash.o [5]
  .far_func.text     ro code  0x00a7c4     0xa  stm8l15x_clk.o [5]
  .far_func.text     ro code  0x00a7ce     0xa  stm8l15x_rtc.o [5]
  .far_func.text     ro code  0x00a7d8     0xa  stm8l15x_rtc.o [5]
  .far_func.text     ro code  0x00a7e2     0x9  stm8l15x_rtc.o [5]
  .far_func.text     ro code  0x00a7eb     0x9  stm8l15x_rtc.o [5]
  .far_func.text     ro code  0x00a7f4     0x9  stm8l15x_rtc.o [5]
  .far_func.text     ro code  0x00a7fd     0x9  stm8l15x_rtc.o [5]
  .far_func.text     ro code  0x00a806     0x9  stm8l15x_tim3.o [5]
  .far_func.text     ro code  0x00a80f     0x8  stm8l15x_rtc.o [5]
  .far_func.text     ro code  0x00a817     0x8  stm8l15x_rtc.o [5]
  .far_func.text     ro code  0x00a81f     0x8  stm8l15x_rtc.o [5]
  .far_func.text     ro code  0x00a827     0x8  stm8l15x_usart.o [5]
  .far_func.text     ro code  0x00a82f     0x7  stm8l15x_flash.o [5]
  .far_func.text     ro code  0x00a836     0x7  stm8l15x_rtc.o [5]
  .far_func.text     ro code  0x00a83d     0x6  stm8l15x_rtc.o [5]
  .far_func.text     ro code  0x00a843     0x6  stm8l15x_rtc.o [5]
  .far_func.text     ro code  0x00a849     0x6  cexit.o [4]
  .far_func.text     ro code  0x00a84f     0x5  main.o [1]
  .far_func.text     ro code  0x00a854     0x5  ModuleProtocol.o [1]
  .far_func.text     ro code  0x00a859     0x5  stm8l15x_flash.o [5]
  .far_func.text     ro code  0x00a85e     0x5  stm8l15x_flash.o [5]
  .far_func.text     ro code  0x00a863     0x5  stm8l15x_i2c.o [5]
  .far_func.text     ro code  0x00a868     0x5  stm8l15x_i2c.o [5]
  .far_func.text     ro code  0x00a86d     0x5  stm8l15x_adc.o [5]
  .far_func.text     ro code  0x00a872     0x5  stm8l15x_tim2.o [5]
  .far_func.text     ro code  0x00a877     0x5  stm8l15x_tim3.o [5]
  .far_func.text     ro code  0x00a87c     0x5  stm8l15x_usart.o [5]
  .far_func.text     ro code  0x00a881     0x4  stm8l15x_gpio.o [5]
  .far_func.text     ro code  0x00a885     0x4  stm8l15x_clk.o [5]
  .far_func.text     ro code  0x00a889     0x4  stm8l15x_clk.o [5]
  .far_func.text     ro code  0x00a88d     0x4  stm8l15x_clk.o [5]
  .far_func.text     ro code  0x00a891     0x4  interrupt.o [4]
  .far_func.text     ro code  0x00a895     0x4  exit.o [4]
  .far_func.text     ro code  0x00a899     0x3  stm8l15x_gpio.o [5]
  .far_func.text     ro code  0x00a89c     0x3  stm8l15x_usart.o [5]
  .far_func.text     ro code  0x00a89f     0x3  stm8l15x_usart.o [5]
  .far_func.text     ro code  0x00a8a2     0x3  low_level_init.o [4]
  .far_func.text     ro code  0x00a8a5     0x3  unhandled_exception.o [4]
  .far_func.text     ro code  0x00a8a8     0x1  main.o [1]
  .far_func.text     ro code  0x00a8a9     0x1  main.o [1]
  .far_func.text     ro code  0x00a8aa     0x1  stm8l15x_it.o [1]
  .far_func.text     ro code  0x00a8ab     0x1  stm8l15x_it.o [1]
  .far_func.text     ro code  0x00a8ac     0x1  stm8l15x_it.o [1]
  .far_func.text     ro code  0x00a8ad     0x1  stm8l15x_it.o [1]
  .far_func.text     ro code  0x00a8ae     0x1  stm8l15x_it.o [1]
  .far_func.text     ro code  0x00a8af     0x1  stm8l15x_it.o [1]
  .far_func.text     ro code  0x00a8b0     0x1  stm8l15x_it.o [1]
  .far_func.text     ro code  0x00a8b1     0x1  stm8l15x_it.o [1]
  .far_func.text     ro code  0x00a8b2     0x1  stm8l15x_it.o [1]
  .far_func.text     ro code  0x00a8b3     0x1  stm8l15x_it.o [1]
  .far_func.text     ro code  0x00a8b4     0x1  stm8l15x_it.o [1]
  .far_func.text     ro code  0x00a8b5     0x1  stm8l15x_it.o [1]
  .far_func.text     ro code  0x00a8b6     0x1  stm8l15x_it.o [1]
  .far_func.text     ro code  0x00a8b7     0x1  stm8l15x_it.o [1]
  .far_func.text     ro code  0x00a8b8     0x1  stm8l15x_it.o [1]
  .far_func.text     ro code  0x00a8b9     0x1  stm8l15x_it.o [1]
  .far_func.text     ro code  0x00a8ba     0x1  uart1.o [1]
  .far_func.text     ro code  0x00a8bb     0x1  __dbg_break.o [3]
                            - 0x00a8bc  0x27e8


*******************************************************************************
*** INIT TABLE
***

          Address   Size
          -------   ----
Zero (__iar_zero_init2)
    1 destination range, total size 0x677:
          0x000014  0x677

Copy (__iar_copy_init2)
    1 source range, total size 0x4:
          0x0080d0    0x4
    1 destination range, total size 0x4:
          0x000010    0x4



*******************************************************************************
*** MODULE SUMMARY
***

    Module                 ro code  ro data  rw data
    ------                 -------  -------  -------
E:\PETPOSITION\KN2000(01)\KAC(3A)_MainDir\Project\Debug\Obj: [1]
    EventQueue.o               138                69
    I2C.o                      485
    Module.o                   451       42    1 235
    ModuleProtocol.o           142        2        3
    Module_wifi.o               72                52
    OverTimeQueue.o            154                56
    bma2x2.o                   823                 2
    bma2x2_support.o           363        8       18
    hwdflash.o                 308
    hwdgpio.o                  175
    main.o                   1 084        7       22
    main_rtc.o                 174
    net.o                      103
    stm8l15x_it.o              550
    uart1.o                    522               202
    ------------------------------------------------
    Total:                   5 544       59    1 659

command line: [2]
    ------------------------------------------------
    Total:

dbgstm8mmd.a: [3]
    __dbg_break.o                1
    __dbg_xxexit.o              22
    ------------------------------------------------
    Total:                      23

dlstm8mmf.a: [4]
    cexit.o                      6
    char.o                      22
    cstartup.o                  23
    dc_util.o                   44
    exit.o                       4
    far_util.o                  28
    init.o                      30
    init_small.o                70
    interrupt.o                  4      128
    long.o                     331
    long_util.o                100
    low_level_init.o             3
    memcmp.o                    54
    memcpy.o                    38
    memset.o                    21
    move.o                      13
    short.o                     86
    strlen.o                    18
    unhandled_exception.o        3
    vreg_util.o                303
    vregs.o                                       16
    ------------------------------------------------
    Total:                   1 201      128       16

lisysProject.a: [5]
    stm8l15x_adc.o             299
    stm8l15x_clk.o             326        5
    stm8l15x_exti.o             26
    stm8l15x_flash.o            68
    stm8l15x_gpio.o            128
    stm8l15x_i2c.o             602
    stm8l15x_itc.o             264
    stm8l15x_rtc.o           1 096
    stm8l15x_syscfg.o           81
    stm8l15x_tim2.o             38
    stm8l15x_tim3.o            165
    stm8l15x_usart.o           355
    ------------------------------------------------
    Total:                   3 448        5

    Linker created                       20      256
----------------------------------------------------
    Grand Total:            10 216      212    1 931


*******************************************************************************
*** ENTRY LIST
***

Entry                    Address   Size  Type      Object
-----                    -------   ----  ----      ------
.iar.init_table$$Base   0x008080          --   Gb  - Linker created -
.iar.init_table$$Limit  0x008094          --   Gb  - Linker created -
?add32_l0_l0_0x         0x0083e1         Code  Gb  long.o [4]
?add32_l0_l0_l1         0x0083de         Code  Gb  long.o [4]
?b0                     0x000000         Data  Gb  vregs.o [4]
?b1                     0x000001         Data  Gb  vregs.o [4]
?b10                    0x00000a         Data  Gb  vregs.o [4]
?b11                    0x00000b         Data  Gb  vregs.o [4]
?b12                    0x00000c         Data  Gb  vregs.o [4]
?b13                    0x00000d         Data  Gb  vregs.o [4]
?b14                    0x00000e         Data  Gb  vregs.o [4]
?b15                    0x00000f         Data  Gb  vregs.o [4]
?b2                     0x000002         Data  Gb  vregs.o [4]
?b3                     0x000003         Data  Gb  vregs.o [4]
?b4                     0x000004         Data  Gb  vregs.o [4]
?b5                     0x000005         Data  Gb  vregs.o [4]
?b6                     0x000006         Data  Gb  vregs.o [4]
?b7                     0x000007         Data  Gb  vregs.o [4]
?b8                     0x000008         Data  Gb  vregs.o [4]
?b9                     0x000009         Data  Gb  vregs.o [4]
?dc32_l1                0x009fdb         Code  Gb  dc_util.o [4]
?e0                     0x000001         Data  Gb  vregs.o [4]
?e1                     0x000005         Data  Gb  vregs.o [4]
?e2                     0x000009         Data  Gb  vregs.o [4]
?e3                     0x00000d         Data  Gb  vregs.o [4]
?epilogue_l2            0x0085bd         Code  Gb  vreg_util.o [4]
?epilogue_l2_l3         0x0085b9         Code  Gb  vreg_util.o [4]
?epilogue_l2_w6         0x0085c2         Code  Gb  vreg_util.o [4]
?epilogue_w4            0x0085cb         Code  Gb  vreg_util.o [4]
?inc32_0x_0x            0x0083d0         Code  Gb  long.o [4]
?inc32_l2_l2            0x0083c6         Code  Gb  long.o [4]
?inc32_l3_l3            0x0083cb         Code  Gb  long.o [4]
?l0                     0x000000         Data  Gb  vregs.o [4]
?l1                     0x000004         Data  Gb  vregs.o [4]
?l2                     0x000008         Data  Gb  vregs.o [4]
?l3                     0x00000c         Data  Gb  vregs.o [4]
?load24_0x_e0           0x00a43d         Code  Gb  far_util.o [4]
?load24_e1_0x           0x00a42f         Code  Gb  far_util.o [4]
?load32_0x_l0           0x009678         Code  Gb  long_util.o [4]
?load32_l0_0x           0x00963c         Code  Gb  long_util.o [4]
?load32_l0_asp          0x009630         Code  Gb  long_util.o [4]
?load32_l0_dbsp         0x009622         Code  Gb  long_util.o [4]
?load32_l0_xsp          0x009632         Code  Gb  long_util.o [4]
?load32_l1_0x           0x009662         Code  Gb  long_util.o [4]
?load32_l1_asp          0x009656         Code  Gb  long_util.o [4]
?load32_l1_dbsp         0x009648         Code  Gb  long_util.o [4]
?load32_l1_xsp          0x009658         Code  Gb  long_util.o [4]
?load32_xsp_l0          0x00966e         Code  Gb  long_util.o [4]
?mov_e0_e2              0x0085e8         Code  Gb  vreg_util.o [4]
?mov_e0_e3              0x0085f5         Code  Gb  vreg_util.o [4]
?mov_e1_e0              0x008602         Code  Gb  vreg_util.o [4]
?mov_e1_e2              0x00860f         Code  Gb  vreg_util.o [4]
?mov_e1_e3              0x00861c         Code  Gb  vreg_util.o [4]
?mov_e2_e0              0x008629         Code  Gb  vreg_util.o [4]
?mov_e3_e0              0x008636         Code  Gb  vreg_util.o [4]
?mov_l0_l2              0x0085e5         Code  Gb  vreg_util.o [4]
?mov_l0_l3              0x0085f2         Code  Gb  vreg_util.o [4]
?mov_l1_l0              0x0085ff         Code  Gb  vreg_util.o [4]
?mov_l1_l2              0x00860c         Code  Gb  vreg_util.o [4]
?mov_l1_l3              0x008619         Code  Gb  vreg_util.o [4]
?mov_l2_l0              0x008626         Code  Gb  vreg_util.o [4]
?mov_l3_l0              0x008633         Code  Gb  vreg_util.o [4]
?mov_w0_w1              0x0085d0         Code  Gb  vreg_util.o [4]
?mov_w1_w0              0x0085d7         Code  Gb  vreg_util.o [4]
?mov_w1_w5              0x0085eb         Code  Gb  vreg_util.o [4]
?mov_w1_w7              0x0085f8         Code  Gb  vreg_util.o [4]
?mov_w2_w1              0x0085de         Code  Gb  vreg_util.o [4]
?mov_w3_w1              0x008605         Code  Gb  vreg_util.o [4]
?mov_w3_w5              0x008612         Code  Gb  vreg_util.o [4]
?mov_w3_w7              0x00861f         Code  Gb  vreg_util.o [4]
?mov_w5_w1              0x00862c         Code  Gb  vreg_util.o [4]
?mov_w7_w1              0x008639         Code  Gb  vreg_util.o [4]
?move1616_v_x_y_a       0x00a77c         Code  Gb  move.o [4]
?mul16_x_x_w0           0x009904         Code  Gb  short.o [4]
?mul32_l0_l0_l1         0x0083f9         Code  Gb  long.o [4]
?pop_l0                 0x008581         Code  Gb  vreg_util.o [4]
?pop_l1                 0x00858c         Code  Gb  vreg_util.o [4]
?pop_l2                 0x008597         Code  Gb  vreg_util.o [4]
?pop_l3                 0x0085a2         Code  Gb  vreg_util.o [4]
?pop_w4                 0x008532         Code  Gb  vreg_util.o [4]
?pop_w6                 0x008539         Code  Gb  vreg_util.o [4]
?push_l0                0x00854c         Code  Gb  vreg_util.o [4]
?push_l1                0x008551         Code  Gb  vreg_util.o [4]
?push_l2                0x008556         Code  Gb  vreg_util.o [4]
?push_l3                0x00855b         Code  Gb  vreg_util.o [4]
?push_w4                0x008511         Code  Gb  vreg_util.o [4]
?push_w6                0x008516         Code  Gb  vreg_util.o [4]
?sdiv16_x_x_y           0x009922         Code  Gb  short.o [4]
?sext16_x_a             0x009953         Code  Gb  short.o [4]
?sext32_l0_a            0x008504         Code  Gb  long.o [4]
?sll16_x_x_a            0x00994b         Code  Gb  short.o [4]
?sll32_0x_0x_a          0x0084f6         Code  Gb  long.o [4]
?sll32_l0_l0_a          0x0084f3         Code  Gb  long.o [4]
?sll8_a_a_5             0x00a548         Code  Gb  char.o [4]
?sll8_a_a_6             0x00a547         Code  Gb  char.o [4]
?sll8_a_a_b0            0x00a53d         Code  Gb  char.o [4]
?smod16_y_x_y           0x00993b         Code  Gb  short.o [4]
?srl8_a_a_5             0x00a54e         Code  Gb  char.o [4]
?srl8_a_a_6             0x00a54d         Code  Gb  char.o [4]
?ucmp32_c_l0_l1         0x0084e8         Code  Gb  long.o [4]
?udiv32_l0_l0_dl        0x008477         Code  Gb  long.o [4]
?udiv32_l0_l0_l1        0x00847b         Code  Gb  long.o [4]
?umod32_l1_l0_l1        0x00847b         Code  Gb  long.o [4]
?w0                     0x000000         Data  Gb  vregs.o [4]
?w1                     0x000002         Data  Gb  vregs.o [4]
?w2                     0x000004         Data  Gb  vregs.o [4]
?w3                     0x000006         Data  Gb  vregs.o [4]
?w4                     0x000008         Data  Gb  vregs.o [4]
?w5                     0x00000a         Data  Gb  vregs.o [4]
?w6                     0x00000c         Data  Gb  vregs.o [4]
?w7                     0x00000e         Data  Gb  vregs.o [4]
ADC1_COMP_IRQHandler    0x00a8b4    0x1  Code  Gb  stm8l15x_it.o [1]
ADC_ChannelCmd          0x00a5e3   0x12  Code  Gb  stm8l15x_adc.o [5]
ADC_Cmd                 0x00a748    0xd  Code  Gb  stm8l15x_adc.o [5]
ADC_Config              0x0094ed   0x69  Code  Gb  main.o [1]
ADC_DeInit              0x0090f5   0x7e  Code  Gb  stm8l15x_adc.o [5]
ADC_GetConversionValue  0x00a3be   0x1d  Code  Gb  stm8l15x_adc.o [5]
ADC_GetFlagStatus       0x00a669    0xf  Code  Gb  stm8l15x_adc.o [5]
ADC_Init                0x00a511   0x16  Code  Gb  stm8l15x_adc.o [5]
ADC_SamplingTimeConfig  0x00a3f7   0x1c  Code  Gb  stm8l15x_adc.o [5]
ADC_SchmittTriggerConfig
                        0x00a5f5   0x12  Code  Gb  stm8l15x_adc.o [5]
ADC_SoftwareStartConv   0x00a86d    0x5  Code  Gb  stm8l15x_adc.o [5]
ADC_VALUE_CALCULATE     0x00066e    0x2  Data  Gb  main.o [1]
ADC_VrefintCmd          0x00a755    0xd  Code  Gb  stm8l15x_adc.o [5]
ADCdata                 0x00066c    0x2  Data  Gb  main.o [1]
AtComRecBuf             0x000014  0x44c  Data  Gb  Module.o [1]
AtCommRecLen            0x000670    0x2  Data  Gb  Module.o [1]
AtDelayTime             0x000682    0x1  Data  Gb  Module.o [1]
BMA253_Init             0x009d32   0x36  Code  Gb  bma2x2_support.o [1]
BMA2x2_I2C_bus_read     0x0091eb   0x77  Code  Gb  bma2x2_support.o [1]
BMA2x2_I2C_bus_write    0x0093ad   0x6b  Code  Gb  bma2x2_support.o [1]
BMA2x2_delay_msek       0x00a5a8   0x14  Code  Gb  bma2x2_support.o [1]
ByteToBcd2              0x00a481   0x1b  Code  Lc  stm8l15x_rtc.o [5]
CLK_GetClockFreq        0x009c89   0x39  Code  Gb  stm8l15x_clk.o [5]
CLK_GetFlagStatus       0x009262   0x71  Code  Gb  stm8l15x_clk.o [5]
CLK_GetSYSCLKSource     0x00a889    0x4  Code  Gb  stm8l15x_clk.o [5]
CLK_HSICmd              0x00a72e    0xd  Code  Gb  stm8l15x_clk.o [5]
CLK_LSEConfig           0x00a64b    0xf  Code  Gb  stm8l15x_clk.o [5]
CLK_PeripheralClockConfig
                        0x0096e3   0x5d  Code  Gb  stm8l15x_clk.o [5]
CLK_RTCClockConfig      0x00a7c4    0xa  Code  Gb  stm8l15x_clk.o [5]
CLK_SYSCLKDivConfig     0x00a88d    0x4  Code  Gb  stm8l15x_clk.o [5]
CLK_SYSCLKSourceConfig  0x00a885    0x4  Code  Gb  stm8l15x_clk.o [5]
CLK_SYSCLKSourceSwitchCmd
                        0x00a73b    0xd  Code  Gb  stm8l15x_clk.o [5]
CSTACK$$Base            0x000f00          --   Gb  - Linker created -
CSTACK$$Limit           0x001000          --   Gb  - Linker created -
Calendar_Init           0x009a89   0x48  Code  Gb  main_rtc.o [1]
DMA1_CHANNEL0_1_IRQHandler
                        0x00a8ac    0x1  Code  Gb  stm8l15x_it.o [1]
DMA1_CHANNEL2_3_IRQHandler
                        0x00a8ad    0x1  Code  Gb  stm8l15x_it.o [1]
DecOverTime             0x008d0a   0x9a  Code  Gb  OverTimeQueue.o [1]
EXTI0_IRQHandler        0x00a3a1   0x1d  Code  Gb  stm8l15x_it.o [1]
EXTI1_IRQHandler        0x00a276   0x1e  Code  Gb  stm8l15x_it.o [1]
EXTI2_IRQHandler        0x00a294   0x1e  Code  Gb  stm8l15x_it.o [1]
EXTI3_IRQHandler        0x00a2b2   0x1e  Code  Gb  stm8l15x_it.o [1]
EXTI4_IRQHandler        0x00a2d0   0x1e  Code  Gb  stm8l15x_it.o [1]
EXTI5_IRQHandler        0x00a2ee   0x1e  Code  Gb  stm8l15x_it.o [1]
EXTI6_IRQHandler        0x00a8b1    0x1  Code  Gb  stm8l15x_it.o [1]
EXTI7_IRQHandler        0x00a30c   0x1e  Code  Gb  stm8l15x_it.o [1]
EXTIB_G_IRQHandler      0x00a8af    0x1  Code  Gb  stm8l15x_it.o [1]
EXTID_H_IRQHandler      0x00a8b0    0x1  Code  Gb  stm8l15x_it.o [1]
EXTIE_F_PVD_IRQHandler  0x00a8ae    0x1  Code  Gb  stm8l15x_it.o [1]
EXTI_ClearITPendingBit  0x00a713    0xe  Code  Gb  stm8l15x_exti.o [5]
EventQueueLock          0x000678    0x1  Data  Gb  EventQueue.o [1]
EventReadPtr            0x000676    0x1  Data  Gb  EventQueue.o [1]
EventWritePtr           0x000677    0x1  Data  Gb  EventQueue.o [1]
Eventinfo               0x0005a4   0x40  Data  Gb  EventQueue.o [1]
ExtinguishLed           0x00a0fb   0x27  Code  Gb  hwdgpio.o [1]
FLASH_GetFlagStatus     0x00a695    0xe  Code  Gb  stm8l15x_flash.o [5]
FLASH_IRQHandler        0x00a8ab    0x1  Code  Gb  stm8l15x_it.o [1]
FLASH_Lock              0x00a82f    0x7  Code  Gb  stm8l15x_flash.o [5]
FLASH_ProgramByte       0x00a859    0x5  Code  Gb  stm8l15x_flash.o [5]
FLASH_ReadByte          0x00a85e    0x5  Code  Gb  stm8l15x_flash.o [5]
FLASH_SetProgrammingTime
                        0x00a7b9    0xb  Code  Gb  stm8l15x_flash.o [5]
FLASH_Unlock            0x00a49c   0x1a  Code  Gb  stm8l15x_flash.o [5]
FillEventQueue          0x008f63   0x8a  Code  Gb  EventQueue.o [1]
GPIO_ExternalPullUpConfig
                        0x00a6a3    0xe  Code  Gb  stm8l15x_gpio.o [5]
GPIO_Init               0x009418   0x6b  Code  Gb  stm8l15x_gpio.o [5]
GPIO_LowPower_Config    0x00a44b   0x1b  Code  Gb  main.o [1]
GPIO_ResetBits          0x00a881    0x4  Code  Gb  stm8l15x_gpio.o [5]
GPIO_SetBits            0x00a899    0x3  Code  Gb  stm8l15x_gpio.o [5]
GetNBplantformIPandPORT
                        0x008a17   0xc2  Code  Gb  Module.o [1]
Get_ADC_Value           0x0080d4  0x17e  Code  Gb  main.o [1]
Gsensor_IIC_Init        0x009bd9   0x3c  Code  Gb  I2C.o [1]
I2C1_SPI2_IRQHandler    0x00a8b9    0x1  Code  Gb  stm8l15x_it.o [1]
I2C_AcknowledgeConfig   0x00a6cd    0xe  Code  Gb  stm8l15x_i2c.o [5]
I2C_CheckEvent          0x0098ad   0x57  Code  Gb  stm8l15x_i2c.o [5]
I2C_DeInit              0x009ad1   0x47  Code  Gb  stm8l15x_i2c.o [5]
I2C_GenerateSTART       0x00a6b1    0xe  Code  Gb  stm8l15x_i2c.o [5]
I2C_GenerateSTOP        0x00a6bf    0xe  Code  Gb  stm8l15x_i2c.o [5]
I2C_GetFlagStatus       0x009cfa   0x38  Code  Gb  stm8l15x_i2c.o [5]
I2C_Init                0x008640  0x120  Code  Gb  stm8l15x_i2c.o [5]
I2C_ReceiveData         0x00a868    0x5  Code  Gb  stm8l15x_i2c.o [5]
I2C_Send7bitAddress     0x00a65a    0xf  Code  Gb  stm8l15x_i2c.o [5]
I2C_SendData            0x00a863    0x5  Code  Gb  stm8l15x_i2c.o [5]
I2C_Send_STRING         0x008c53   0xb7  Code  Gb  I2C.o [1]
I2C_WRITE_READ_STRING   0x00885a   0xf2  Code  Gb  I2C.o [1]
I2C_routine             0x009b9a   0x3f  Code  Gb  bma2x2_support.o [1]
INTVEC$$Base            0x008000          --   Gb  - Linker created -
INTVEC$$Limit           0x008080          --   Gb  - Linker created -
ITC_SetSoftwarePriority
                        0x008760   0xfa  Code  Gb  stm8l15x_itc.o [5]
IniBuf                  0x00a384   0x1d  Code  Gb  main.o [1]
LCD_AES_IRQHandler      0x00a8b2    0x1  Code  Gb  stm8l15x_it.o [1]
LightenLed              0x00a0d4   0x27  Code  Gb  hwdgpio.o [1]
LoseventCount           0x00066a    0x2  Data  Gb  EventQueue.o [1]
ModuleResetInit         0x009076   0x7f  Code  Gb  Module.o [1]
ModuleResetTime         0x000010    0x2  Data  Gb  ModuleProtocol.o [1]
ModuleSts               0x000680    0x1  Data  Gb  main.o [1]
Moudleinfo              0x000528   0x7c  Data  Gb  Module.o [1]
NB_IO_RESETGPIO_INI     0x00a084   0x28  Code  Gb  hwdgpio.o [1]
NB_module_error_cnt     0x000672    0x2  Data  Gb  Module.o [1]
NetBreakHandle          0x00a569   0x15  Code  Gb  Module.o [1]
NoDataTimeCount         0x000685    0x1  Data  Gb  Module.o [1]
OverTimeOut             0x0005e4   0x38  Data  Gb  OverTimeQueue.o [1]
ProAtLen                0x000674    0x2  Data  Gb  Module.o [1]
Protocol_Init           0x00a854    0x5  Code  Gb  ModuleProtocol.o [1]
READ_RST_CR             0x0099f8   0x49  Code  Gb  main.o [1]
RTC_CSSLSE_IRQHandler   0x009d68   0x36  Code  Gb  stm8l15x_it.o [1]
RTC_ClearITPendingBit   0x00a7d8    0xa  Code  Gb  stm8l15x_rtc.o [5]
RTC_Config_Init         0x009e9f   0x2f  Code  Gb  main_rtc.o [1]
RTC_DateStr             0x000664    0x4  Data  Gb  main.o [1]
RTC_EnterInitMode       0x00a413   0x1c  Code  Gb  stm8l15x_rtc.o [5]
RTC_GetDate             0x009b59   0x41  Code  Gb  stm8l15x_rtc.o [5]
RTC_GetFlagStatus       0x00a1b5   0x21  Code  Gb  stm8l15x_rtc.o [5]
RTC_GetTime             0x009c15   0x3b  Code  Gb  stm8l15x_rtc.o [5]
RTC_ITConfig            0x009e6f   0x30  Code  Gb  stm8l15x_rtc.o [5]
RTC_Init                0x009853   0x5a  Code  Gb  stm8l15x_rtc.o [5]
RTC_SetDate             0x008ad9   0xc2  Code  Gb  stm8l15x_rtc.o [5]
RTC_SetTime             0x008b9b   0xb8  Code  Gb  stm8l15x_rtc.o [5]
RTC_SetWakeUpCounter    0x00a527   0x16  Code  Gb  stm8l15x_rtc.o [5]
RTC_TimeStr             0x000660    0x4  Data  Gb  main.o [1]
RTC_TimeStructInit      0x00a7f4    0x9  Code  Gb  stm8l15x_rtc.o [5]
RTC_WaitForSynchro      0x00a4b6   0x17  Code  Gb  stm8l15x_rtc.o [5]
RTC_WakeUpClockConfig   0x00a257   0x1f  Code  Gb  stm8l15x_rtc.o [5]
RTC_WakeUpCmd           0x00a031   0x2a  Code  Gb  stm8l15x_rtc.o [5]
ReSndCount              0x000683    0x1  Data  Gb  Module.o [1]
Region$$Table$$Base     0x008080          --   Gb  - Linker created -
Region$$Table$$Limit    0x008094          --   Gb  - Linker created -
SPI1_IRQHandler         0x00a8b8    0x1  Code  Gb  stm8l15x_it.o [1]
SWITCH_CSS_BREAK_DAC_IRQHandler
                        0x00a8b3    0x1  Code  Gb  stm8l15x_it.o [1]
SYSCFG_REMAPPinConfig   0x00995a   0x51  Code  Gb  stm8l15x_syscfg.o [5]
SYSDivFactor            0x0080cb    0x5  Data  Gb  stm8l15x_clk.o [5]
SystemClock_Init        0x00a007   0x2a  Code  Gb  main.o [1]
TIM1_CC_IRQHandler      0x00a8b6    0x1  Code  Gb  stm8l15x_it.o [1]
TIM1_UPD_OVF_TRG_COM_IRQHandler
                        0x00a8b5    0x1  Code  Gb  stm8l15x_it.o [1]
TIM2_CC_USART2_RX_IRQHandler
                        0x009efb   0x2d  Code  Gb  stm8l15x_it.o [1]
TIM2_ClearITPendingBit  0x00a872    0x5  Code  Gb  stm8l15x_tim2.o [5]
TIM2_GetITStatus        0x00a1d6   0x21  Code  Gb  stm8l15x_tim2.o [5]
TIM2_UPD_OVF_TRG_BRK_USART2_TX_IRQHandler
                        0x009e09   0x33  Code  Gb  stm8l15x_it.o [1]
TIM3_CC_USART3_RX_IRQHandler
                        0x009f28   0x2d  Code  Gb  stm8l15x_it.o [1]
TIM3_ClearFlag          0x00a76f    0xd  Code  Gb  stm8l15x_tim3.o [5]
TIM3_ClearITPendingBit  0x00a877    0x5  Code  Gb  stm8l15x_tim3.o [5]
TIM3_Cmd                0x00a762    0xd  Code  Gb  stm8l15x_tim3.o [5]
TIM3_ETRClockMode2Config
                        0x00a806    0x9  Code  Gb  stm8l15x_tim3.o [5]
TIM3_GetITStatus        0x00a1f7   0x21  Code  Gb  stm8l15x_tim3.o [5]
TIM3_ITConfig           0x00a62a   0x11  Code  Gb  stm8l15x_tim3.o [5]
TIM3_TimeBaseInit       0x00a218   0x20  Code  Gb  stm8l15x_tim3.o [5]
TIM3_UPD_OVF_TRG_BRK_USART3_TX_IRQHandler
                        0x009e3c   0x33  Code  Gb  stm8l15x_it.o [1]
TIM3_UpdateRequestConfig
                        0x00a6f7    0xe  Code  Gb  stm8l15x_tim3.o [5]
TIM4_UPD_OVF_TRG_IRQHandler
                        0x00a8b7    0x1  Code  Gb  stm8l15x_it.o [1]
TRAP_IRQHandler         0x00a8aa    0x1  Code  Gb  stm8l15x_it.o [1]
Timer3ProgramHandle     0x009faf   0x2c  Code  Gb  ModuleProtocol.o [1]
Timer3_Init             0x009686   0x5d  Code  Gb  ModuleProtocol.o [1]
TimingDelay_Decrement   0x00a8a9    0x1  Code  Gb  main.o [1]
UART1_ISR               0x009f82   0x2d  Code  Gb  uart1.o [1]
UART1_SendByte          0x009cc2   0x38  Code  Gb  uart1.o [1]
UART2_ISR               0x009ece   0x2d  Code  Gb  Module_wifi.o [1]
UART2_SendStr           0x0099ab   0x4d  Code  Gb  uart1.o [1]
UART3_ISR               0x00a8ba    0x1  Code  Gb  uart1.o [1]
USART1_RX_TIM5_CC_IRQHandler
                        0x009f55   0x2d  Code  Gb  stm8l15x_it.o [1]
USART1_TX_TIM5_UPD_OVF_TRG_BRK_IRQHandler
                        0x00a193   0x22  Code  Gb  stm8l15x_it.o [1]
USART_ClearITPendingBit
                        0x00a87c    0x5  Code  Gb  stm8l15x_usart.o [5]
USART_Cmd               0x00a63b   0x10  Code  Gb  stm8l15x_usart.o [5]
USART_DeInit            0x009dd4   0x35  Code  Gb  stm8l15x_usart.o [5]
USART_GetFlagStatus     0x00a32a   0x1e  Code  Gb  stm8l15x_usart.o [5]
USART_ITConfig          0x00979c   0x5c  Code  Gb  stm8l15x_usart.o [5]
USART_Init              0x008ed2   0x91  Code  Gb  stm8l15x_usart.o [5]
USART_ReceiveData8      0x00a89c    0x3  Code  Gb  stm8l15x_usart.o [5]
USART_SendData8         0x00a89f    0x3  Code  Gb  stm8l15x_usart.o [5]
Uart1RevHandle          0x0092d3   0x6d  Code  Gb  Module.o [1]
Uart1_Init              0x009340   0x6d  Code  Gb  uart1.o [1]
Uart_Init               0x00a721    0xd  Code  Gb  uart1.o [1]
Uart_PowerOn_Config     0x00a3db   0x1c  Code  Gb  uart1.o [1]
Usart2_Init             0x009740   0x5c  Code  Gb  uart1.o [1]
Usart3_Init             0x0095bd   0x65  Code  Gb  uart1.o [1]
WIFI_Module_Init        0x00a466   0x1b  Code  Gb  Module_wifi.o [1]
__DebugBreak            0x00a8bb    0x1  Code  Gb  __dbg_break.o [3]
__exit                  0x00a553   0x16  Code  Gb  __dbg_xxexit.o [3]
__iar_copy_init2        0x00a0ac         Code  Gb  init_small.o [4]
__iar_data_init2        0x00a348   0x1e  Code  Gb  init.o [4]
__iar_program_start     0x00a4e4         Code  Gb  cstartup.o [4]
__iar_unhandled_exception
                        0x00a8a5         Code  Gb  unhandled_exception.o [4]
__iar_zero_init2        0x00a366         Code  Gb  init_small.o [4]
__intvec                0x008000         Data  Gb  interrupt.o [4]
__low_level_init        0x00a8a2    0x3  Code  Gb  low_level_init.o [4]
_exit                   0x00a849         Code  Gb  cexit.o [4]
_interrupt_1            0x00a8aa         Code  Gb  stm8l15x_it.o [1]
_interrupt_10           0x00a3a1         Code  Gb  stm8l15x_it.o [1]
_interrupt_11           0x00a276         Code  Gb  stm8l15x_it.o [1]
_interrupt_12           0x00a294         Code  Gb  stm8l15x_it.o [1]
_interrupt_13           0x00a2b2         Code  Gb  stm8l15x_it.o [1]
_interrupt_14           0x00a2d0         Code  Gb  stm8l15x_it.o [1]
_interrupt_15           0x00a2ee         Code  Gb  stm8l15x_it.o [1]
_interrupt_16           0x00a8b1         Code  Gb  stm8l15x_it.o [1]
_interrupt_17           0x00a30c         Code  Gb  stm8l15x_it.o [1]
_interrupt_18           0x00a8b2         Code  Gb  stm8l15x_it.o [1]
_interrupt_19           0x00a8b3         Code  Gb  stm8l15x_it.o [1]
_interrupt_20           0x00a8b4         Code  Gb  stm8l15x_it.o [1]
_interrupt_21           0x009e09         Code  Gb  stm8l15x_it.o [1]
_interrupt_22           0x009efb         Code  Gb  stm8l15x_it.o [1]
_interrupt_23           0x009e3c         Code  Gb  stm8l15x_it.o [1]
_interrupt_24           0x009f28         Code  Gb  stm8l15x_it.o [1]
_interrupt_25           0x00a8b5         Code  Gb  stm8l15x_it.o [1]
_interrupt_26           0x00a8b6         Code  Gb  stm8l15x_it.o [1]
_interrupt_27           0x00a8b7         Code  Gb  stm8l15x_it.o [1]
_interrupt_28           0x00a8b8         Code  Gb  stm8l15x_it.o [1]
_interrupt_29           0x00a193         Code  Gb  stm8l15x_it.o [1]
_interrupt_3            0x00a8ab         Code  Gb  stm8l15x_it.o [1]
_interrupt_30           0x009f55         Code  Gb  stm8l15x_it.o [1]
_interrupt_31           0x00a8b9         Code  Gb  stm8l15x_it.o [1]
_interrupt_4            0x00a8ac         Code  Gb  stm8l15x_it.o [1]
_interrupt_5            0x00a8ad         Code  Gb  stm8l15x_it.o [1]
_interrupt_6            0x009d68         Code  Gb  stm8l15x_it.o [1]
_interrupt_7            0x00a8ae         Code  Gb  stm8l15x_it.o [1]
_interrupt_8            0x00a8af         Code  Gb  stm8l15x_it.o [1]
_interrupt_9            0x00a8b0         Code  Gb  stm8l15x_it.o [1]
adc_cnt                 0x00067e    0x1  Data  Gb  main.o [1]
bma2x2                  0x00064e   0x12  Data  Gb  bma2x2_support.o [1]
bma2x2_init             0x009173   0x78  Code  Gb  bma2x2.o [1]
bma2x2_read_reg         0x009a41   0x48  Code  Gb  bma2x2.o [1]
bma2x2_set_mode_value   0x008da4   0x99  Code  Gb  bma2x2.o [1]
bma2x2_set_power_mode   0x008252  0x174  Code  Gb  bma2x2.o [1]
bma2x2_write_reg        0x009483   0x6a  Code  Gb  bma2x2.o [1]
delay_ms                0x00a122   0x26  Code  Gb  main.o [1]
exit                    0x00a895    0x4  Code  Gb  exit.o [4]
g_had_link_manager      0x000688    0x1  Data  Gb  ModuleProtocol.o [1]
get_rtc_time            0x00a238   0x1f  Code  Gb  main.o [1]
go_to_work              0x0097f8   0x5b  Code  Gb  main.o [1]
had_get_adc_flag        0x00067b    0x1  Data  Gb  main.o [1]
hw_board_gpio_init      0x009c50   0x39  Code  Gb  hwdgpio.o [1]
hw_eeprom_flash_init    0x00a4fb   0x16  Code  Gb  hwdflash.o [1]
hw_eeprom_read_bytes    0x008fed   0x89  Code  Gb  hwdflash.o [1]
hw_eeprom_write_bytes   0x008e3d   0x95  Code  Gb  hwdflash.o [1]
last_date               0x00067d    0x1  Data  Gb  main.o [1]
low_power_mode          0x00a8a8    0x1  Code  Gb  main.o [1]
low_power_report_flag   0x00067f    0x1  Data  Gb  main.o [1]
lowpowerwait_flag       0x000012    0x1  Data  Gb  main.o [1]
main                    0x00894c   0xcb  Code  Gb  main.o [1]
memcmp                  0x009d9e   0x36  Code  Gb  memcmp.o [4]
memcpy                  0x00a148   0x26  Code  Gb  memcpy.o [4]
memset                  0x00a593   0x15  Code  Gb  memset.o [4]
net_link_cclk_flag      0x00067c    0x1  Data  Gb  main.o [1]
p_bma2x2                0x000668    0x2  Data  Lc  bma2x2.o [1]
power_level_state       0x000013    0x1  Data  Gb  main.o [1]
rev_NB_data_flag        0x000681    0x1  Data  Gb  Module.o [1]
rtc_interrupt_flag      0x000679    0x1  Data  Gb  main.o [1]
set_net_state           0x009556   0x67  Code  Gb  net.o [1]
set_rtc_interrupt_flag  0x00a84f    0x5  Code  Gb  main.o [1]
set_rtc_wake_time       0x00a05b   0x29  Code  Gb  main_rtc.o [1]
set_sleep_counter_max   0x00a16e   0x25  Code  Gb  main.o [1]
set_sleep_counter_min   0x00a5d0   0x13  Code  Gb  main.o [1]
sleep_counter           0x00067a    0x1  Data  Gb  main.o [1]
stop_rtc_wake           0x00a687    0xe  Code  Gb  main_rtc.o [1]
strlen                  0x00a607   0x12  Code  Gb  strlen.o [4]
tcp_had_linked_flag     0x000684    0x1  Data  Gb  Module.o [1]
uart_rx                 0x000460   0xc8  Data  Gb  uart1.o [1]
uart_rx_read            0x000689    0x1  Data  Gb  uart1.o [1]
uart_rx_write           0x00068a    0x1  Data  Gb  uart1.o [1]
wifi_rx                 0x00061c   0x32  Data  Gb  Module_wifi.o [1]
wifi_rx_read            0x000686    0x1  Data  Gb  Module_wifi.o [1]
wifi_rx_write           0x000687    0x1  Data  Gb  Module_wifi.o [1]


[1] = E:\PETPOSITION\KN2000(01)\KAC(3A)_MainDir\Project\Debug\Obj
[2] = command line
[3] = dbgstm8mmd.a
[4] = dlstm8mmf.a
[5] = lisysProject.a

  10 216 bytes of readonly  code memory
     212 bytes of readonly  data memory
   1 931 bytes of readwrite data memory

Errors: none
Warnings: none
